// Jest Snapshot v1, https://goo.gl/fbAQLP

exports[`renders correctly 1`] = `
<div
  className="movie-item"
>
  <img
    src="test-file-stub"
  />
  <div
    className="movie-info"
  >
    <p
      className="movie-name"
    >
      Movie Name
    </p>
    <span
      className="movie-year"
    >
      year
    </span>
  </div>
  <span>
    genre
  </span>
</div>
`;
