// Jest Snapshot v1, https://goo.gl/fbAQLP

exports[`renders correctly 1`] = `
Array [
  <div
    className="header"
  >
    <h1
      className="main-title"
    >
      Find your movie
    </h1>
    <form
      className="search-form"
      onSubmit={[Function]}
    >
      <input
        onChange={[Function]}
        type="text"
        value=""
      />
      <button
        className="button"
      >
        Search
      </button>
    </form>
    <div
      className="button-wrapper"
    >
      <span>
        Search By: 
      </span>
      <button
        className="clicked-button button"
        onClick={[Function]}
      >
        Title
      </button>
      <button
        className="unclicked-button button"
        onClick={[Function]}
      >
        Genre
      </button>
    </div>
  </div>,
  <div
    className="info-panel"
  >
    <span>
      xxx movies found
    </span>
    <div
      className="sort-films"
    >
      <span>
        sort by
      </span>
      <button
        className="clicked-button button"
        onClick={[Function]}
      >
        release date
      </button>
      <button
        className="unclicked-button button"
        onClick={[Function]}
      >
        rating
      </button>
    </div>
  </div>,
  <div
    className="movie-list"
  >
    <div
      className="movie-item"
    >
      <img
        src="test-file-stub"
      />
      <div
        className="movie-info"
      >
        <p
          className="movie-name"
        >
          Movie Name
        </p>
        <span
          className="movie-year"
        >
          year
        </span>
      </div>
      <span>
        genre
      </span>
    </div>
    <div
      className="movie-item"
    >
      <img
        src="test-file-stub"
      />
      <div
        className="movie-info"
      >
        <p
          className="movie-name"
        >
          Movie Name
        </p>
        <span
          className="movie-year"
        >
          year
        </span>
      </div>
      <span>
        genre
      </span>
    </div>
    <div
      className="movie-item"
    >
      <img
        src="test-file-stub"
      />
      <div
        className="movie-info"
      >
        <p
          className="movie-name"
        >
          Movie Name
        </p>
        <span
          className="movie-year"
        >
          year
        </span>
      </div>
      <span>
        genre
      </span>
    </div>
    <div
      className="movie-item"
    >
      <img
        src="test-file-stub"
      />
      <div
        className="movie-info"
      >
        <p
          className="movie-name"
        >
          Movie Name
        </p>
        <span
          className="movie-year"
        >
          year
        </span>
      </div>
      <span>
        genre
      </span>
    </div>
    <div
      className="movie-item"
    >
      <img
        src="test-file-stub"
      />
      <div
        className="movie-info"
      >
        <p
          className="movie-name"
        >
          Movie Name
        </p>
        <span
          className="movie-year"
        >
          year
        </span>
      </div>
      <span>
        genre
      </span>
    </div>
    <div
      className="movie-item"
    >
      <img
        src="test-file-stub"
      />
      <div
        className="movie-info"
      >
        <p
          className="movie-name"
        >
          Movie Name
        </p>
        <span
          className="movie-year"
        >
          year
        </span>
      </div>
      <span>
        genre
      </span>
    </div>
    <div
      className="movie-item"
    >
      <img
        src="test-file-stub"
      />
      <div
        className="movie-info"
      >
        <p
          className="movie-name"
        >
          Movie Name
        </p>
        <span
          className="movie-year"
        >
          year
        </span>
      </div>
      <span>
        genre
      </span>
    </div>
  </div>,
]
`;
